C:/TouchGFXProjects/TestTetris_ver1/Core/Src/stm32f4xx_hal_msp.c:64:6:HAL_MspInit	8	static
C:/TouchGFXProjects/TestTetris_ver1/Core/Src/stm32f4xx_hal_msp.c:89:6:HAL_ADC_MspInit	48	static
C:/TouchGFXProjects/TestTetris_ver1/Core/Src/stm32f4xx_hal_msp.c:143:6:HAL_ADC_MspDeInit	0	static
C:/TouchGFXProjects/TestTetris_ver1/Core/Src/stm32f4xx_hal_msp.c:188:6:HAL_CRC_MspInit	8	static
C:/TouchGFXProjects/TestTetris_ver1/Core/Src/stm32f4xx_hal_msp.c:211:6:HAL_CRC_MspDeInit	0	static
C:/TouchGFXProjects/TestTetris_ver1/Core/Src/stm32f4xx_hal_msp.c:233:6:HAL_DMA2D_MspInit	16	static
C:/TouchGFXProjects/TestTetris_ver1/Core/Src/stm32f4xx_hal_msp.c:259:6:HAL_DMA2D_MspDeInit	0	static
C:/TouchGFXProjects/TestTetris_ver1/Core/Src/stm32f4xx_hal_msp.c:284:6:HAL_I2C_MspInit	64	static
C:/TouchGFXProjects/TestTetris_ver1/Core/Src/stm32f4xx_hal_msp.c:333:6:HAL_I2C_MspDeInit	8	static
C:/TouchGFXProjects/TestTetris_ver1/Core/Src/stm32f4xx_hal_msp.c:364:6:HAL_LTDC_MspInit	120	static
C:/TouchGFXProjects/TestTetris_ver1/Core/Src/stm32f4xx_hal_msp.c:490:6:HAL_LTDC_MspDeInit	8	static
C:/TouchGFXProjects/TestTetris_ver1/Core/Src/stm32f4xx_hal_msp.c:552:6:HAL_SPI_MspInit	40	static
C:/TouchGFXProjects/TestTetris_ver1/Core/Src/stm32f4xx_hal_msp.c:590:6:HAL_SPI_MspDeInit	0	static
C:/TouchGFXProjects/TestTetris_ver1/Core/Src/stm32f4xx_hal_msp.c:620:6:HAL_UART_MspInit	40	static
C:/TouchGFXProjects/TestTetris_ver1/Core/Src/stm32f4xx_hal_msp.c:657:6:HAL_UART_MspDeInit	0	static
C:/TouchGFXProjects/TestTetris_ver1/Core/Src/stm32f4xx_hal_msp.c:788:6:HAL_SDRAM_MspInit	48	static
C:/TouchGFXProjects/TestTetris_ver1/Core/Src/stm32f4xx_hal_msp.c:874:6:HAL_SDRAM_MspDeInit	8	static
